// Jest Snapshot v1, https://goo.gl/fbAQLP

exports[`Componente Contador.vue Validaci√≥n de match con el snapshot 1`] = `
"<h2>Contador</h2>
<p class="counter">1</p>
<div><button class="btn primary incrementar">+1</button><button class="btn warning disminuir">-1</button></div>"
`;
